// Jest Snapshot v1, https://goo.gl/fbAQLP

exports[`Error should match snapshot 1`] = `
<div
  className="alert alert-danger"
  role="alert"
>
  Some error message
</div>
`;
