// Jest Snapshot v1, https://goo.gl/fbAQLP

exports[`LimitSelector should render component 1`] = `
<form
  className="limit-selector__wrapper"
>
  <label
    className="limit-selector__label"
  >
    Characters per page
  </label>
  <select
    className="form-control limit-selector"
    name="limit-selector"
    onChange={[Function]}
    value={20}
  >
    <option
      value="10"
    >
      10
    </option>
    <option
      value="20"
    >
      20
    </option>
    <option
      value="50"
    >
      50
    </option>
    <option
      value="100"
    >
      100
    </option>
  </select>
</form>
`;
