// Jest Snapshot v1, https://goo.gl/fbAQLP

exports[`CharacterList should display characters list 1`] = `
<div>
  <ul>
    <Link
      key="link-1"
      to="/1"
    >
      <CharacterListItem
        character={
          Object {
            "id": 1,
            "name": "Ironman",
          }
        }
        key="1"
      />
    </Link>
    <Link
      key="link-2"
      to="/2"
    >
      <CharacterListItem
        character={
          Object {
            "id": 2,
            "name": "Thor",
          }
        }
        key="2"
      />
    </Link>
    <Link
      key="link-3"
      to="/3"
    >
      <CharacterListItem
        character={
          Object {
            "id": 3,
            "name": "Black Widow",
          }
        }
        key="3"
      />
    </Link>
  </ul>
</div>
`;
