// Jest Snapshot v1, https://goo.gl/fbAQLP

exports[`Spinner should match snapshot 1`] = `
<div
  className="spinner__wrapper"
>
  <div
    className="spinner-border"
    role="status"
  >
    <span
      className="sr-only"
    >
      Loading...
    </span>
  </div>
</div>
`;
