// Jest Snapshot v1, https://goo.gl/fbAQLP

exports[`Footer should match snapshot 1`] = `
<div
  className="footer bg-light"
>
  Marvel Characters - Powered by jlsanchezsanz
</div>
`;
